// Jest Snapshot v1, https://goo.gl/fbAQLP

exports[`<Main /> should render the heading 1`] = `
.c0 {
  background-color: #06092b;
  color: #fff;
  width: 100%;
  height: 100%;
  padding: 3rem;
  text-align: center;
  display: -webkit-box;
  display: -webkit-flex;
  display: -ms-flexbox;
  display: flex;
  -webkit-flex-direction: column;
  -ms-flex-direction: column;
  flex-direction: column;
  -webkit-align-items: center;
  -webkit-box-align: center;
  -ms-flex-align: center;
  align-items: center;
  -webkit-box-pack: center;
  -webkit-justify-content: center;
  -ms-flex-pack: center;
  justify-content: center;
}

.c1 {
  font-size: 4.5rem;
}

.c2 {
  font-size: 2rem;
  font-weight: 400;
}

.c3 {
  margin-top: 3rem;
  width: min(30rem,100%);
}

.c4 {
  padding: 3rem;
}

.c5 {
  display: -webkit-box;
  display: -webkit-flex;
  display: -ms-flexbox;
  display: flex;
  -webkit-align-items: center;
  -webkit-box-align: center;
  -ms-flex-align: center;
  align-items: center;
  -webkit-box-pack: justify;
  -webkit-justify-content: space-between;
  -ms-flex-pack: justify;
  justify-content: space-between;
  width: 100%;
}

.c6 {
  width: 30rem;
  height: 3rem;
  border-radius: 0.5rem;
  border: none;
}

.c6:focus {
  outline: none;
}

.c7 {
  cursor: pointer;
  margin-left: 1rem;
  width: 13rem;
  height: 3rem;
  border-radius: 0.5rem;
  border: none;
  background: #fff;
  color: #06092b;
  -webkit-transition: background 0.2s ease-in-out;
  transition: background 0.2s ease-in-out;
}

.c7:hover {
  background: #fafafa80;
  color: #fff;
}

@media (max-width:768px) {
  .c5 {
    -webkit-flex-direction: column;
    -ms-flex-direction: column;
    flex-direction: column;
  }
}

@media (max-width:768px) {
  .c6 {
    margin-bottom: 1rem;
  }
}

<main
  class="c0"
>
  <h1
    class="c1"
  >
    URLShortener
  </h1>
  <h2
    class="c2"
  >
    A simple url shortener
  </h2>
  <img
    alt="Uma pessoa de pÃ© ao lado de uma quadro branco com uma imagem de link."
    class="c3"
    src="/img/illustration.svg"
  />
  <div
    class="c4"
  >
    <form
      class="c5"
    >
      <input
        class="c6"
        value=""
      />
      <button
        class="c7"
        type="submit"
      >
        Shorten!
      </button>
    </form>
  </div>
</main>
`;
